2026-08-16 11:51:39.228 +05:30 [INF] Starting ZAH Seller AI API
2026-08-16 11:51:39.609 +05:30 [INF] Now listening on: http://localhost:5000
2026-08-16 11:51:39.617 +05:30 [INF] Application started. Press Ctrl+C to shut down.
2026-08-16 11:51:39.619 +05:30 [INF] Hosting environment: Production
2026-08-16 11:51:39.620 +05:30 [INF] Content root path: C:\Users\Mathi\OneDrive\Desktop\ZAH APP\services\api\src\API
2026-08-16 11:54:24.822 +05:30 [WRN] Failed to determine the https port for redirect.
2026-08-16 11:54:24.924 +05:30 [INF] HTTP GET / responded 404 in 101.8684 ms
2026-08-16 11:54:44.698 +05:30 [INF] HTTP GET / responded 404 in 4.9531 ms
2026-08-16 12:02:34.890 +05:30 [INF] HTTP GET / responded 404 in 38.1896 ms
2026-08-16 12:02:44.543 +05:30 [INF] HTTP GET / responded 404 in 0.2356 ms
2026-08-16 13:47:13.405 +05:30 [INF] Starting ZAH Seller AI API
2026-08-16 13:47:13.828 +05:30 [INF] Now listening on: http://localhost:5000
2026-08-16 13:47:13.836 +05:30 [INF] Application started. Press Ctrl+C to shut down.
2026-08-16 13:47:13.839 +05:30 [INF] Hosting environment: Production
2026-08-16 13:47:13.842 +05:30 [INF] Content root path: C:\Users\Mathi\OneDrive\Desktop\ZAH APP\services\api\src\API
2026-08-16 14:04:32.304 +05:30 [INF] Starting ZAH Seller AI API
2026-08-16 14:04:32.653 +05:30 [INF] Now listening on: http://localhost:5000
2026-08-16 14:04:32.661 +05:30 [INF] Application started. Press Ctrl+C to shut down.
2026-08-16 14:04:32.663 +05:30 [INF] Hosting environment: Production
2026-08-16 14:04:32.666 +05:30 [INF] Content root path: C:\Users\Mathi\OneDrive\Desktop\ZAH APP\services\api\src\API
2026-08-16 14:08:34.729 +05:30 [WRN] Failed to determine the https port for redirect.
2026-08-16 14:08:34.804 +05:30 [INF] HTTP GET /api/v1/health responded 404 in 76.2411 ms
2026-08-16 14:08:46.798 +05:30 [INF] HTTP GET /swagger responded 404 in 5.3351 ms
2026-08-16 14:08:53.724 +05:30 [INF] HTTP GET /swagger responded 404 in 7.4433 ms
2026-08-16 14:08:54.561 +05:30 [INF] HTTP GET /swagger responded 404 in 0.2131 ms
2026-08-16 14:09:18.286 +05:30 [INF] HTTP POST /api/v1/auth/register responded 400 in 2831.8244 ms
2026-08-16 14:11:33.022 +05:30 [INF] Application is shutting down...
2026-08-16 14:11:50.290 +05:30 [INF] Starting ZAH Seller AI API
2026-08-16 14:11:50.555 +05:30 [INF] Now listening on: http://localhost:5000
2026-08-16 14:11:50.562 +05:30 [INF] Application started. Press Ctrl+C to shut down.
2026-08-16 14:11:50.565 +05:30 [INF] Hosting environment: Production
2026-08-16 14:11:50.567 +05:30 [INF] Content root path: C:\Users\Mathi\OneDrive\Desktop\ZAH APP\services\api\src\API
2026-08-16 14:30:05.288 +05:30 [WRN] Failed to determine the https port for redirect.
2026-08-16 14:30:05.458 +05:30 [INF] HTTP GET / responded 404 in 183.8252 ms
