2026-09-05 22:01:57.168 +05:30 [INF] Starting ZAH Seller AI API
2026-09-05 22:01:57.367 +05:30 [ERR] Hosting failed to start
System.IO.IOException: Failed to bind to address http://0.0.0.0:5000: address already in use.
 ---> Microsoft.AspNetCore.Connections.AddressInUseException: Only one usage of each socket address (protocol/network address/port) is normally permitted.
 ---> System.Net.Sockets.SocketException (10048): Only one usage of each socket address (protocol/network address/port) is normally permitted.
   at System.Net.Sockets.Socket.UpdateStatusAfterSocketErrorAndThrowException(SocketError error, Boolean disconnectOnFailure, String callerName)
   at System.Net.Sockets.Socket.DoBind(EndPoint endPointSnapshot, SocketAddress socketAddress)
   at System.Net.Sockets.Socket.Bind(EndPoint localEP)
   at Microsoft.AspNetCore.Server.Kestrel.Transport.Sockets.SocketTransportOptions.CreateDefaultBoundListenSocket(EndPoint endpoint)
   at Microsoft.AspNetCore.Server.Kestrel.Transport.Sockets.SocketConnectionListener.Bind()
   --- End of inner exception stack trace ---
   at Microsoft.AspNetCore.Server.Kestrel.Transport.Sockets.SocketConnectionListener.Bind()
   at Microsoft.AspNetCore.Server.Kestrel.Transport.Sockets.SocketTransportFactory.BindAsync(EndPoint endpoint, CancellationToken cancellationToken)
   at Microsoft.AspNetCore.Server.Kestrel.Core.Internal.Infrastructure.TransportManager.BindAsync(EndPoint endPoint, ConnectionDelegate connectionDelegate, EndpointConfig endpointConfig, CancellationToken cancellationToken)
   at Microsoft.AspNetCore.Server.Kestrel.Core.KestrelServerImpl.<>c__DisplayClass28_0`1.<<StartAsync>g__OnBind|0>d.MoveNext()
--- End of stack trace from previous location ---
   at Microsoft.AspNetCore.Server.Kestrel.Core.Internal.AddressBinder.BindEndpointAsync(ListenOptions endpoint, AddressBindContext context, CancellationToken cancellationToken)
   --- End of inner exception stack trace ---
   at Microsoft.AspNetCore.Server.Kestrel.Core.Internal.AddressBinder.BindEndpointAsync(ListenOptions endpoint, AddressBindContext context, CancellationToken cancellationToken)
   at Microsoft.AspNetCore.Server.Kestrel.Core.ListenOptions.BindAsync(AddressBindContext context, CancellationToken cancellationToken)
   at Microsoft.AspNetCore.Server.Kestrel.Core.Internal.AddressBinder.EndpointsStrategy.BindAsync(AddressBindContext context, CancellationToken cancellationToken)
   at Microsoft.AspNetCore.Server.Kestrel.Core.KestrelServerImpl.BindAsync(CancellationToken cancellationToken)
   at Microsoft.AspNetCore.Server.Kestrel.Core.KestrelServerImpl.StartAsync[TContext](IHttpApplication`1 application, CancellationToken cancellationToken)
   at Microsoft.AspNetCore.Hosting.GenericWebHostService.StartAsync(CancellationToken cancellationToken)
   at Microsoft.Extensions.Hosting.Internal.Host.<StartAsync>b__14_1(IHostedService service, CancellationToken token)
   at Microsoft.Extensions.Hosting.Internal.Host.ForeachService[T](IEnumerable`1 services, CancellationToken token, Boolean concurrent, Boolean abortOnFirstException, List`1 exceptions, Func`3 operation)
2026-09-05 22:01:57.397 +05:30 [FTL] Application failed to start
System.IO.IOException: Failed to bind to address http://0.0.0.0:5000: address already in use.
 ---> Microsoft.AspNetCore.Connections.AddressInUseException: Only one usage of each socket address (protocol/network address/port) is normally permitted.
 ---> System.Net.Sockets.SocketException (10048): Only one usage of each socket address (protocol/network address/port) is normally permitted.
   at System.Net.Sockets.Socket.UpdateStatusAfterSocketErrorAndThrowException(SocketError error, Boolean disconnectOnFailure, String callerName)
   at System.Net.Sockets.Socket.DoBind(EndPoint endPointSnapshot, SocketAddress socketAddress)
   at System.Net.Sockets.Socket.Bind(EndPoint localEP)
   at Microsoft.AspNetCore.Server.Kestrel.Transport.Sockets.SocketTransportOptions.CreateDefaultBoundListenSocket(EndPoint endpoint)
   at Microsoft.AspNetCore.Server.Kestrel.Transport.Sockets.SocketConnectionListener.Bind()
   --- End of inner exception stack trace ---
   at Microsoft.AspNetCore.Server.Kestrel.Transport.Sockets.SocketConnectionListener.Bind()
   at Microsoft.AspNetCore.Server.Kestrel.Transport.Sockets.SocketTransportFactory.BindAsync(EndPoint endpoint, CancellationToken cancellationToken)
   at Microsoft.AspNetCore.Server.Kestrel.Core.Internal.Infrastructure.TransportManager.BindAsync(EndPoint endPoint, ConnectionDelegate connectionDelegate, EndpointConfig endpointConfig, CancellationToken cancellationToken)
   at Microsoft.AspNetCore.Server.Kestrel.Core.KestrelServerImpl.<>c__DisplayClass28_0`1.<<StartAsync>g__OnBind|0>d.MoveNext()
--- End of stack trace from previous location ---
   at Microsoft.AspNetCore.Server.Kestrel.Core.Internal.AddressBinder.BindEndpointAsync(ListenOptions endpoint, AddressBindContext context, CancellationToken cancellationToken)
   --- End of inner exception stack trace ---
   at Microsoft.AspNetCore.Server.Kestrel.Core.Internal.AddressBinder.BindEndpointAsync(ListenOptions endpoint, AddressBindContext context, CancellationToken cancellationToken)
   at Microsoft.AspNetCore.Server.Kestrel.Core.ListenOptions.BindAsync(AddressBindContext context, CancellationToken cancellationToken)
   at Microsoft.AspNetCore.Server.Kestrel.Core.Internal.AddressBinder.EndpointsStrategy.BindAsync(AddressBindContext context, CancellationToken cancellationToken)
   at Microsoft.AspNetCore.Server.Kestrel.Core.KestrelServerImpl.BindAsync(CancellationToken cancellationToken)
   at Microsoft.AspNetCore.Server.Kestrel.Core.KestrelServerImpl.StartAsync[TContext](IHttpApplication`1 application, CancellationToken cancellationToken)
   at Microsoft.AspNetCore.Hosting.GenericWebHostService.StartAsync(CancellationToken cancellationToken)
   at Microsoft.Extensions.Hosting.Internal.Host.<StartAsync>b__14_1(IHostedService service, CancellationToken token)
   at Microsoft.Extensions.Hosting.Internal.Host.ForeachService[T](IEnumerable`1 services, CancellationToken token, Boolean concurrent, Boolean abortOnFirstException, List`1 exceptions, Func`3 operation)
   at Microsoft.Extensions.Hosting.Internal.Host.StartAsync(CancellationToken cancellationToken)
   at Microsoft.Extensions.Hosting.HostingAbstractionsHostExtensions.RunAsync(IHost host, CancellationToken token)
   at Microsoft.Extensions.Hosting.HostingAbstractionsHostExtensions.RunAsync(IHost host, CancellationToken token)
   at Microsoft.Extensions.Hosting.HostingAbstractionsHostExtensions.Run(IHost host)
   at Program.<Main>$(String[] args) in C:\Users\Mathi\OneDrive\Desktop\ZAH APP\services\api\src\API\Program.cs:line 210
2026-09-05 22:02:25.805 +05:30 [INF] Starting ZAH Seller AI API
2026-09-05 22:02:25.980 +05:30 [INF] Now listening on: http://0.0.0.0:5000
2026-09-05 22:02:25.988 +05:30 [INF] Application started. Press Ctrl+C to shut down.
2026-09-05 22:02:25.990 +05:30 [INF] Hosting environment: Production
2026-09-05 22:02:25.992 +05:30 [INF] Content root path: C:\Users\Mathi\OneDrive\Desktop\ZAH APP\services\api\src\API
2026-09-05 22:03:59.595 +05:30 [INF] Starting ZAH Seller AI API
2026-09-05 22:03:59.774 +05:30 [INF] Now listening on: http://0.0.0.0:5000
2026-09-05 22:03:59.781 +05:30 [INF] Application started. Press Ctrl+C to shut down.
2026-09-05 22:03:59.783 +05:30 [INF] Hosting environment: Production
2026-09-05 22:03:59.786 +05:30 [INF] Content root path: C:\Users\Mathi\OneDrive\Desktop\ZAH APP\services\api\src\API
2026-09-05 22:08:02.333 +05:30 [INF] Starting ZAH Seller AI API
2026-09-05 22:08:02.505 +05:30 [INF] Now listening on: http://0.0.0.0:5000
2026-09-05 22:08:02.512 +05:30 [INF] Application started. Press Ctrl+C to shut down.
2026-09-05 22:08:02.515 +05:30 [INF] Hosting environment: Production
2026-09-05 22:08:02.516 +05:30 [INF] Content root path: C:\Users\Mathi\OneDrive\Desktop\ZAH APP\services\api\src\API
2026-09-05 22:10:04.460 +05:30 [WRN] Failed to determine the https port for redirect.
2026-09-05 22:10:04.473 +05:30 [INF] HTTP OPTIONS /api/v1/auth/login responded 204 in 14.2379 ms
2026-09-05 22:10:08.074 +05:30 [ERR] Error during login
System.InvalidOperationException: JWT_SECRET not configured
   at ZahSellerAI.Infrastructure.Services.AuthenticationService.GenerateAccessToken(Seller seller) in C:\Users\Mathi\OneDrive\Desktop\ZAH APP\services\api\src\Infrastructure\Services\AuthenticationService.cs:line 266
   at ZahSellerAI.Infrastructure.Services.AuthenticationService.LoginAsync(LoginRequest request, String ipAddress) in C:\Users\Mathi\OneDrive\Desktop\ZAH APP\services\api\src\Infrastructure\Services\AuthenticationService.cs:line 147
   at ZahSellerAI.API.Controllers.AuthController.Login(LoginRequest request) in C:\Users\Mathi\OneDrive\Desktop\ZAH APP\services\api\src\API\Controllers\AuthController.cs:line 82
2026-09-05 22:10:08.125 +05:30 [ERR] HTTP POST /api/v1/auth/login responded 500 in 3627.7379 ms
2026-09-05 22:10:08.162 +05:30 [INF] HTTP OPTIONS /api/v1/products responded 204 in 0.5265 ms
2026-09-05 22:10:08.200 +05:30 [INF] HTTP GET /api/v1/products responded 401 in 33.0704 ms
2026-09-05 22:10:08.255 +05:30 [INF] HTTP OPTIONS /api/v1/auth/refresh responded 204 in 0.1121 ms
2026-09-05 22:10:08.454 +05:30 [ERR] Error refreshing token
System.InvalidOperationException: JWT_SECRET not configured
   at ZahSellerAI.Infrastructure.Services.AuthenticationService.GenerateAccessToken(Seller seller) in C:\Users\Mathi\OneDrive\Desktop\ZAH APP\services\api\src\Infrastructure\Services\AuthenticationService.cs:line 266
   at ZahSellerAI.Infrastructure.Services.AuthenticationService.RefreshTokenAsync(String refreshToken, String ipAddress) in C:\Users\Mathi\OneDrive\Desktop\ZAH APP\services\api\src\Infrastructure\Services\AuthenticationService.cs:line 202
   at ZahSellerAI.API.Controllers.AuthController.RefreshToken(RefreshTokenRequest request) in C:\Users\Mathi\OneDrive\Desktop\ZAH APP\services\api\src\API\Controllers\AuthController.cs:line 119
2026-09-05 22:10:08.458 +05:30 [ERR] HTTP POST /api/v1/auth/refresh responded 500 in 197.8812 ms
2026-09-05 22:11:56.673 +05:30 [INF] HTTP POST /api/v1/products/6a9c464c71eb189ab9ee27ed/publish responded 401 in 3.6007 ms
2026-09-05 22:15:59.407 +05:30 [INF] Starting ZAH Seller AI API
2026-09-05 22:15:59.682 +05:30 [INF] Now listening on: http://0.0.0.0:5000
2026-09-05 22:15:59.690 +05:30 [INF] Application started. Press Ctrl+C to shut down.
2026-09-05 22:15:59.693 +05:30 [INF] Hosting environment: Production
2026-09-05 22:15:59.694 +05:30 [INF] Content root path: C:\Users\Mathi\OneDrive\Desktop\ZAH APP\services\api\src\API
2026-09-05 22:17:43.250 +05:30 [INF] Starting ZAH Seller AI API
2026-09-05 22:17:43.415 +05:30 [INF] Now listening on: http://0.0.0.0:5000
2026-09-05 22:17:43.422 +05:30 [INF] Application started. Press Ctrl+C to shut down.
2026-09-05 22:17:43.424 +05:30 [INF] Hosting environment: Production
2026-09-05 22:17:43.425 +05:30 [INF] Content root path: C:\Users\Mathi\OneDrive\Desktop\ZAH APP\services\api\src\API
2026-09-05 22:19:13.584 +05:30 [WRN] Failed to determine the https port for redirect.
2026-09-05 22:19:13.599 +05:30 [INF] HTTP OPTIONS /api/v1/auth/login responded 204 in 16.1460 ms
2026-09-05 22:19:18.034 +05:30 [INF] Seller logged in: mathimathiyazahgan@gmail.com
2026-09-05 22:19:18.087 +05:30 [INF] HTTP POST /api/v1/auth/login responded 200 in 4458.8181 ms
2026-09-05 22:19:18.128 +05:30 [INF] HTTP OPTIONS /api/v1/products responded 204 in 2.1921 ms
2026-09-05 22:19:18.288 +05:30 [INF] HTTP GET /api/v1/products responded 200 in 153.8214 ms
2026-09-05 22:20:26.807 +05:30 [INF] HTTP OPTIONS /api/v1/products/6a9c484fedd0a9f3f7decfdc/publish responded 204 in 0.1576 ms
2026-09-05 22:20:26.854 +05:30 [INF] HTTP POST /api/v1/products/6a9c484fedd0a9f3f7decfdc/publish responded 404 in 37.0643 ms
2026-09-05 22:21:55.121 +05:30 [INF] HTTP OPTIONS /api/v1/products responded 204 in 0.1414 ms
2026-09-05 22:21:55.133 +05:30 [INF] HTTP GET /api/v1/products responded 200 in 4.7929 ms
2026-09-05 22:22:39.015 +05:30 [INF] HTTP OPTIONS /api/v1/products responded 204 in 0.1060 ms
2026-09-05 22:22:39.022 +05:30 [INF] HTTP GET /api/v1/products responded 200 in 1.6154 ms
2026-09-05 22:22:39.073 +05:30 [INF] HTTP GET /api/v1/products responded 200 in 2.0059 ms
2026-09-05 22:23:19.793 +05:30 [INF] Application is shutting down...
2026-09-05 22:23:34.325 +05:30 [INF] Starting ZAH Seller AI API
2026-09-05 22:23:34.485 +05:30 [INF] Now listening on: http://0.0.0.0:5000
2026-09-05 22:23:34.490 +05:30 [INF] Application started. Press Ctrl+C to shut down.
2026-09-05 22:23:34.492 +05:30 [INF] Hosting environment: Production
2026-09-05 22:23:34.493 +05:30 [INF] Content root path: C:\Users\Mathi\OneDrive\Desktop\ZAH APP\services\api\src\API
2026-09-05 22:23:55.021 +05:30 [WRN] Failed to determine the https port for redirect.
2026-09-05 22:23:55.039 +05:30 [INF] HTTP OPTIONS /api/v1/products responded 204 in 18.2259 ms
2026-09-05 22:23:57.655 +05:30 [INF] HTTP GET /api/v1/products responded 200 in 2586.2225 ms
2026-09-05 22:25:13.539 +05:30 [INF] HTTP OPTIONS /api/v1/products/6a9c496d11d3599be3253478 responded 204 in 1.0377 ms
2026-09-05 22:25:13.693 +05:30 [INF] HTTP PUT /api/v1/products/6a9c496d11d3599be3253478 responded 400 in 146.8167 ms
2026-09-05 22:26:48.067 +05:30 [INF] HTTP OPTIONS /api/v1/products responded 204 in 0.1553 ms
2026-09-05 22:26:48.096 +05:30 [INF] HTTP GET /api/v1/products responded 200 in 7.6071 ms
2026-09-05 22:28:01.799 +05:30 [INF] HTTP OPTIONS /api/v1/products responded 204 in 0.2580 ms
2026-09-05 22:28:01.810 +05:30 [INF] HTTP GET /api/v1/products responded 200 in 3.6767 ms
2026-09-05 22:28:53.328 +05:30 [INF] HTTP OPTIONS /api/v1/products/6a9c4a459880c3c3dc999aa8 responded 204 in 0.1430 ms
2026-09-05 22:28:53.341 +05:30 [INF] HTTP PUT /api/v1/products/6a9c4a459880c3c3dc999aa8 responded 400 in 4.6663 ms
2026-09-05 22:31:17.139 +05:30 [INF] Starting ZAH Seller AI API
2026-09-05 22:31:17.318 +05:30 [INF] Now listening on: http://0.0.0.0:5000
2026-09-05 22:31:17.326 +05:30 [INF] Application started. Press Ctrl+C to shut down.
2026-09-05 22:31:17.329 +05:30 [INF] Hosting environment: Production
2026-09-05 22:31:17.331 +05:30 [INF] Content root path: C:\Users\Mathi\OneDrive\Desktop\ZAH APP\services\api\src\API
2026-09-05 22:32:02.697 +05:30 [WRN] Failed to determine the https port for redirect.
2026-09-05 22:32:02.722 +05:30 [INF] HTTP OPTIONS /api/v1/products responded 204 in 27.1452 ms
2026-09-05 22:32:05.262 +05:30 [INF] HTTP GET /api/v1/products responded 200 in 2506.9333 ms
2026-09-05 22:32:48.310 +05:30 [INF] HTTP OPTIONS /api/v1/products/6a9c4b3575e4ae8cef220a1e responded 204 in 0.7457 ms
2026-09-05 22:32:48.575 +05:30 [INF] HTTP PUT /api/v1/products/6a9c4b3575e4ae8cef220a1e responded 404 in 256.8039 ms
2026-09-05 22:32:48.586 +05:30 [INF] HTTP OPTIONS /api/v1/products responded 204 in 0.1107 ms
2026-09-05 22:32:48.701 +05:30 [INF] Product draft created: 6a9c4b387974103d65774e0c for seller: dev-seller-1
2026-09-05 22:32:48.714 +05:30 [INF] HTTP POST /api/v1/products responded 200 in 122.9532 ms
2026-09-05 22:32:48.732 +05:30 [INF] HTTP OPTIONS /api/v1/products/6a9c4b387974103d65774e0c responded 204 in 0.2206 ms
2026-09-05 22:32:48.760 +05:30 [INF] Product updated: 6a9c4b387974103d65774e0c
2026-09-05 22:32:48.792 +05:30 [INF] HTTP PUT /api/v1/products/6a9c4b387974103d65774e0c responded 200 in 54.5389 ms
2026-09-05 22:32:48.803 +05:30 [INF] HTTP OPTIONS /api/v1/products/6a9c4b387974103d65774e0c/publish responded 204 in 0.0954 ms
2026-09-05 22:32:48.824 +05:30 [INF] HTTP POST /api/v1/products/6a9c4b387974103d65774e0c/publish responded 400 in 14.7548 ms
2026-09-05 22:35:58.382 +05:30 [INF] HTTP OPTIONS /api/v1/products responded 204 in 0.1210 ms
2026-09-05 22:35:58.399 +05:30 [INF] HTTP GET /api/v1/products responded 200 in 9.6433 ms
2026-09-05 22:36:12.105 +05:30 [INF] Application is shutting down...
2026-09-05 22:36:25.082 +05:30 [INF] Starting ZAH Seller AI API
2026-09-05 22:36:25.287 +05:30 [INF] Now listening on: http://0.0.0.0:5000
2026-09-05 22:36:25.293 +05:30 [INF] Application started. Press Ctrl+C to shut down.
2026-09-05 22:36:25.296 +05:30 [INF] Hosting environment: Production
2026-09-05 22:36:25.298 +05:30 [INF] Content root path: C:\Users\Mathi\OneDrive\Desktop\ZAH APP\services\api\src\API
2026-09-05 22:39:59.661 +05:30 [INF] Starting ZAH Seller AI API
2026-09-05 22:39:59.851 +05:30 [INF] Now listening on: http://0.0.0.0:5000
2026-09-05 22:39:59.862 +05:30 [INF] Application started. Press Ctrl+C to shut down.
2026-09-05 22:39:59.866 +05:30 [INF] Hosting environment: Production
2026-09-05 22:39:59.869 +05:30 [INF] Content root path: C:\Users\Mathi\OneDrive\Desktop\ZAH APP\services\api\src\API
2026-09-05 22:43:41.625 +05:30 [WRN] Failed to determine the https port for redirect.
2026-09-05 22:43:41.661 +05:30 [INF] HTTP OPTIONS /api/v1/products responded 204 in 43.3517 ms
2026-09-05 22:43:46.538 +05:30 [INF] HTTP GET /api/v1/products responded 200 in 4834.8662 ms
2026-09-05 22:44:40.558 +05:30 [INF] HTTP OPTIONS /api/v1/products/6a9c4dfd70b06a19f875ae7c responded 204 in 2.1173 ms
2026-09-05 22:44:40.921 +05:30 [INF] HTTP PUT /api/v1/products/6a9c4dfd70b06a19f875ae7c responded 404 in 350.1786 ms
2026-09-05 22:44:40.940 +05:30 [INF] HTTP OPTIONS /api/v1/products responded 204 in 0.1123 ms
2026-09-05 22:44:41.078 +05:30 [INF] Product draft created: 6a9c4e00f628d6cef51a2f10 for seller: dev-seller-1
2026-09-05 22:44:41.087 +05:30 [INF] HTTP POST /api/v1/products responded 200 in 141.0626 ms
2026-09-05 22:44:41.106 +05:30 [INF] HTTP OPTIONS /api/v1/products/6a9c4e00f628d6cef51a2f10 responded 204 in 0.1071 ms
2026-09-05 22:44:41.137 +05:30 [INF] Product updated: 6a9c4e00f628d6cef51a2f10
2026-09-05 22:44:41.205 +05:30 [INF] HTTP PUT /api/v1/products/6a9c4e00f628d6cef51a2f10 responded 200 in 93.0541 ms
2026-09-05 22:44:41.218 +05:30 [INF] HTTP OPTIONS /api/v1/products/6a9c4e00f628d6cef51a2f10/publish responded 204 in 0.1184 ms
2026-09-05 22:44:41.249 +05:30 [INF] HTTP POST /api/v1/products/6a9c4e00f628d6cef51a2f10/publish responded 400 in 20.2522 ms
2026-09-05 22:47:50.041 +05:30 [INF] HTTP OPTIONS /api/v1/products responded 204 in 0.3066 ms
2026-09-05 22:47:50.065 +05:30 [INF] HTTP GET /api/v1/products responded 200 in 16.9389 ms
2026-09-05 22:48:40.883 +05:30 [INF] HTTP OPTIONS /api/v1/products/6a9c4eee871a02d48ae79304 responded 204 in 0.4508 ms
2026-09-05 22:48:40.977 +05:30 [INF] HTTP PUT /api/v1/products/6a9c4eee871a02d48ae79304 responded 404 in 6.0748 ms
2026-09-05 22:48:40.999 +05:30 [INF] HTTP OPTIONS /api/v1/products responded 204 in 0.1472 ms
2026-09-05 22:48:41.011 +05:30 [INF] Product draft created: 6a9c4ef1f628d6cef51a2f13 for seller: dev-seller-1
2026-09-05 22:48:41.022 +05:30 [INF] HTTP POST /api/v1/products responded 200 in 16.6293 ms
2026-09-05 22:48:41.043 +05:30 [INF] HTTP OPTIONS /api/v1/products/6a9c4ef1f628d6cef51a2f13 responded 204 in 0.1046 ms
2026-09-05 22:48:41.066 +05:30 [INF] Product updated: 6a9c4ef1f628d6cef51a2f13
2026-09-05 22:48:41.071 +05:30 [INF] HTTP PUT /api/v1/products/6a9c4ef1f628d6cef51a2f13 responded 200 in 17.0797 ms
2026-09-05 22:48:41.089 +05:30 [INF] Product updated: 6a9c4ef1f628d6cef51a2f13
2026-09-05 22:48:41.092 +05:30 [INF] HTTP PUT /api/v1/products/6a9c4ef1f628d6cef51a2f13 responded 200 in 7.9579 ms
2026-09-05 22:48:41.118 +05:30 [INF] HTTP OPTIONS /api/v1/products/6a9c4ef1f628d6cef51a2f13/publish responded 204 in 0.4075 ms
2026-09-05 22:48:41.140 +05:30 [INF] Product published: 6a9c4ef1f628d6cef51a2f13
2026-09-05 22:48:41.158 +05:30 [INF] HTTP POST /api/v1/products/6a9c4ef1f628d6cef51a2f13/publish responded 200 in 24.1949 ms
