2026-09-04 00:39:11.225 +05:30 [INF] Starting ZAH Seller AI API
2026-09-04 00:39:11.515 +05:30 [WRN] The WebRootPath was not found: C:\Users\Mathi\OneDrive\Desktop\ZAH APP\services\api\src\API\wwwroot. Static files may be unavailable.
2026-09-04 00:39:11.575 +05:30 [INF] Now listening on: http://localhost:5000
2026-09-04 00:39:11.580 +05:30 [INF] Application started. Press Ctrl+C to shut down.
2026-09-04 00:39:11.583 +05:30 [INF] Hosting environment: Production
2026-09-04 00:39:11.586 +05:30 [INF] Content root path: C:\Users\Mathi\OneDrive\Desktop\ZAH APP\services\api\src\API
2026-09-04 00:45:10.280 +05:30 [INF] Application is shutting down...
2026-09-04 00:45:39.053 +05:30 [INF] Starting ZAH Seller AI API
2026-09-04 00:45:39.267 +05:30 [WRN] The WebRootPath was not found: C:\Users\Mathi\OneDrive\Desktop\ZAH APP\services\api\src\API\wwwroot. Static files may be unavailable.
2026-09-04 00:45:39.318 +05:30 [INF] Now listening on: http://localhost:5000
2026-09-04 00:45:39.324 +05:30 [INF] Application started. Press Ctrl+C to shut down.
2026-09-04 00:45:39.327 +05:30 [INF] Hosting environment: Production
2026-09-04 00:45:39.330 +05:30 [INF] Content root path: C:\Users\Mathi\OneDrive\Desktop\ZAH APP\services\api\src\API
2026-09-04 00:47:28.710 +05:30 [INF] Application is shutting down...
2026-09-04 00:47:49.512 +05:30 [INF] Starting ZAH Seller AI API
2026-09-04 00:47:49.707 +05:30 [WRN] The WebRootPath was not found: C:\Users\Mathi\OneDrive\Desktop\ZAH APP\services\api\src\API\wwwroot. Static files may be unavailable.
2026-09-04 00:47:49.761 +05:30 [INF] Now listening on: http://localhost:5000
2026-09-04 00:47:49.766 +05:30 [INF] Application started. Press Ctrl+C to shut down.
2026-09-04 00:47:49.772 +05:30 [INF] Hosting environment: Production
2026-09-04 00:47:49.775 +05:30 [INF] Content root path: C:\Users\Mathi\OneDrive\Desktop\ZAH APP\services\api\src\API
2026-09-04 00:51:00.119 +05:30 [INF] Application is shutting down...
2026-09-04 00:51:18.285 +05:30 [INF] Starting ZAH Seller AI API
2026-09-04 00:51:18.507 +05:30 [WRN] The WebRootPath was not found: C:\Users\Mathi\OneDrive\Desktop\ZAH APP\services\api\src\API\wwwroot. Static files may be unavailable.
2026-09-04 00:51:18.564 +05:30 [INF] Now listening on: http://localhost:5000
2026-09-04 00:51:18.570 +05:30 [INF] Application started. Press Ctrl+C to shut down.
2026-09-04 00:51:18.574 +05:30 [INF] Hosting environment: Production
2026-09-04 00:51:18.577 +05:30 [INF] Content root path: C:\Users\Mathi\OneDrive\Desktop\ZAH APP\services\api\src\API
2026-09-04 00:56:14.109 +05:30 [INF] Application is shutting down...
2026-09-04 00:56:32.717 +05:30 [INF] Starting ZAH Seller AI API
2026-09-04 00:56:32.957 +05:30 [WRN] The WebRootPath was not found: C:\Users\Mathi\OneDrive\Desktop\ZAH APP\services\api\src\API\wwwroot. Static files may be unavailable.
2026-09-04 00:56:33.012 +05:30 [INF] Now listening on: http://localhost:5000
2026-09-04 00:56:33.020 +05:30 [INF] Application started. Press Ctrl+C to shut down.
2026-09-04 00:56:33.024 +05:30 [INF] Hosting environment: Production
2026-09-04 00:56:33.027 +05:30 [INF] Content root path: C:\Users\Mathi\OneDrive\Desktop\ZAH APP\services\api\src\API
2026-09-04 01:34:22.572 +05:30 [INF] Application is shutting down...
2026-09-04 01:34:38.665 +05:30 [INF] Starting ZAH Seller AI API
2026-09-04 01:34:38.824 +05:30 [WRN] The WebRootPath was not found: C:\Users\Mathi\OneDrive\Desktop\ZAH APP\services\api\src\API\wwwroot. Static files may be unavailable.
2026-09-04 01:34:38.854 +05:30 [INF] Now listening on: http://localhost:5000
2026-09-04 01:34:38.858 +05:30 [INF] Application started. Press Ctrl+C to shut down.
2026-09-04 01:34:38.859 +05:30 [INF] Hosting environment: Production
2026-09-04 01:34:38.861 +05:30 [INF] Content root path: C:\Users\Mathi\OneDrive\Desktop\ZAH APP\services\api\src\API
2026-09-04 01:37:09.601 +05:30 [INF] Application is shutting down...
2026-09-04 01:37:22.411 +05:30 [INF] Starting ZAH Seller AI API
2026-09-04 01:37:22.657 +05:30 [WRN] The WebRootPath was not found: C:\Users\Mathi\OneDrive\Desktop\ZAH APP\services\api\src\API\wwwroot. Static files may be unavailable.
2026-09-04 01:37:22.707 +05:30 [INF] Now listening on: http://localhost:5000
2026-09-04 01:37:22.711 +05:30 [INF] Application started. Press Ctrl+C to shut down.
2026-09-04 01:37:22.713 +05:30 [INF] Hosting environment: Production
2026-09-04 01:37:22.715 +05:30 [INF] Content root path: C:\Users\Mathi\OneDrive\Desktop\ZAH APP\services\api\src\API
2026-09-04 01:43:29.095 +05:30 [INF] Application is shutting down...
2026-09-04 01:43:44.271 +05:30 [INF] Starting ZAH Seller AI API
2026-09-04 01:43:44.454 +05:30 [WRN] The WebRootPath was not found: C:\Users\Mathi\OneDrive\Desktop\ZAH APP\services\api\src\API\wwwroot. Static files may be unavailable.
2026-09-04 01:43:44.510 +05:30 [INF] Now listening on: http://localhost:5000
2026-09-04 01:43:44.513 +05:30 [INF] Application started. Press Ctrl+C to shut down.
2026-09-04 01:43:44.515 +05:30 [INF] Hosting environment: Production
2026-09-04 01:43:44.517 +05:30 [INF] Content root path: C:\Users\Mathi\OneDrive\Desktop\ZAH APP\services\api\src\API
2026-09-04 01:49:49.870 +05:30 [INF] Application is shutting down...
2026-09-04 01:50:00.833 +05:30 [INF] Starting ZAH Seller AI API
2026-09-04 01:50:01.023 +05:30 [WRN] The WebRootPath was not found: C:\Users\Mathi\OneDrive\Desktop\ZAH APP\services\api\src\API\wwwroot. Static files may be unavailable.
2026-09-04 01:50:01.064 +05:30 [INF] Now listening on: http://localhost:5000
2026-09-04 01:50:01.069 +05:30 [INF] Application started. Press Ctrl+C to shut down.
2026-09-04 01:50:01.071 +05:30 [INF] Hosting environment: Production
2026-09-04 01:50:01.073 +05:30 [INF] Content root path: C:\Users\Mathi\OneDrive\Desktop\ZAH APP\services\api\src\API
2026-09-04 15:48:15.311 +05:30 [INF] Starting ZAH Seller AI API
2026-09-04 15:48:15.521 +05:30 [WRN] The WebRootPath was not found: C:\Users\Mathi\OneDrive\Desktop\ZAH APP\services\api\src\API\wwwroot. Static files may be unavailable.
2026-09-04 15:48:15.589 +05:30 [INF] Now listening on: http://localhost:5000
2026-09-04 15:48:15.593 +05:30 [INF] Application started. Press Ctrl+C to shut down.
2026-09-04 15:48:15.597 +05:30 [INF] Hosting environment: Production
2026-09-04 15:48:15.599 +05:30 [INF] Content root path: C:\Users\Mathi\OneDrive\Desktop\ZAH APP\services\api\src\API
2026-09-04 15:56:26.816 +05:30 [INF] Application is shutting down...
2026-09-04 15:56:41.545 +05:30 [INF] Starting ZAH Seller AI API
2026-09-04 15:56:41.754 +05:30 [WRN] The WebRootPath was not found: C:\Users\Mathi\OneDrive\Desktop\ZAH APP\services\api\src\API\wwwroot. Static files may be unavailable.
2026-09-04 15:56:41.796 +05:30 [INF] Now listening on: http://localhost:5000
2026-09-04 15:56:41.801 +05:30 [INF] Application started. Press Ctrl+C to shut down.
2026-09-04 15:56:41.804 +05:30 [INF] Hosting environment: Production
2026-09-04 15:56:41.806 +05:30 [INF] Content root path: C:\Users\Mathi\OneDrive\Desktop\ZAH APP\services\api\src\API
2026-09-04 15:59:37.033 +05:30 [INF] Starting ZAH Seller AI API
2026-09-04 15:59:37.186 +05:30 [WRN] The WebRootPath was not found: C:\Users\Mathi\OneDrive\Desktop\ZAH APP\services\api\src\API\wwwroot. Static files may be unavailable.
2026-09-04 15:59:37.224 +05:30 [INF] Now listening on: http://localhost:5000
2026-09-04 15:59:37.228 +05:30 [INF] Application started. Press Ctrl+C to shut down.
2026-09-04 15:59:37.231 +05:30 [INF] Hosting environment: Production
2026-09-04 15:59:37.233 +05:30 [INF] Content root path: C:\Users\Mathi\OneDrive\Desktop\ZAH APP\services\api\src\API
2026-09-04 16:22:15.286 +05:30 [INF] Starting ZAH Seller AI API
2026-09-04 16:22:15.427 +05:30 [WRN] The WebRootPath was not found: C:\Users\Mathi\OneDrive\Desktop\ZAH APP\services\api\src\API\wwwroot. Static files may be unavailable.
2026-09-04 16:22:15.457 +05:30 [INF] Now listening on: http://localhost:5000
2026-09-04 16:22:15.461 +05:30 [INF] Application started. Press Ctrl+C to shut down.
2026-09-04 16:22:15.462 +05:30 [INF] Hosting environment: Production
2026-09-04 16:22:15.463 +05:30 [INF] Content root path: C:\Users\Mathi\OneDrive\Desktop\ZAH APP\services\api\src\API
2026-09-04 16:29:57.573 +05:30 [INF] Starting ZAH Seller AI API
2026-09-04 16:29:57.718 +05:30 [WRN] The WebRootPath was not found: C:\Users\Mathi\OneDrive\Desktop\ZAH APP\services\api\src\API\wwwroot. Static files may be unavailable.
2026-09-04 16:29:57.754 +05:30 [INF] Now listening on: http://localhost:5000
2026-09-04 16:29:57.757 +05:30 [INF] Application started. Press Ctrl+C to shut down.
2026-09-04 16:29:57.759 +05:30 [INF] Hosting environment: Production
2026-09-04 16:29:57.761 +05:30 [INF] Content root path: C:\Users\Mathi\OneDrive\Desktop\ZAH APP\services\api\src\API
2026-09-04 16:33:14.027 +05:30 [INF] Application is shutting down...
2026-09-04 16:33:59.494 +05:30 [INF] Starting ZAH Seller AI API
2026-09-04 16:33:59.641 +05:30 [WRN] The WebRootPath was not found: C:\Users\Mathi\OneDrive\Desktop\ZAH APP\services\api\src\API\wwwroot. Static files may be unavailable.
2026-09-04 16:33:59.676 +05:30 [INF] Now listening on: http://localhost:5000
2026-09-04 16:33:59.680 +05:30 [INF] Application started. Press Ctrl+C to shut down.
2026-09-04 16:33:59.682 +05:30 [INF] Hosting environment: Production
2026-09-04 16:33:59.684 +05:30 [INF] Content root path: C:\Users\Mathi\OneDrive\Desktop\ZAH APP\services\api\src\API
2026-09-04 16:44:06.012 +05:30 [INF] Starting ZAH Seller AI API
2026-09-04 16:44:06.244 +05:30 [WRN] The WebRootPath was not found: C:\Users\Mathi\OneDrive\Desktop\ZAH APP\services\api\src\API\wwwroot. Static files may be unavailable.
2026-09-04 16:44:06.303 +05:30 [INF] Now listening on: http://localhost:5000
2026-09-04 16:44:06.311 +05:30 [INF] Application started. Press Ctrl+C to shut down.
2026-09-04 16:44:06.315 +05:30 [INF] Hosting environment: Production
2026-09-04 16:44:06.318 +05:30 [INF] Content root path: C:\Users\Mathi\OneDrive\Desktop\ZAH APP\services\api\src\API
2026-09-04 16:47:10.795 +05:30 [WRN] Failed to determine the https port for redirect.
2026-09-04 16:47:10.815 +05:30 [INF] HTTP OPTIONS /api/v1/auth/login responded 204 in 22.0990 ms
2026-09-04 16:47:10.914 +05:30 [INF] HTTP OPTIONS /api/v1/products responded 204 in 2.5435 ms
2026-09-04 17:02:06.884 +05:30 [INF] Starting ZAH Seller AI API
2026-09-04 17:02:07.105 +05:30 [WRN] The WebRootPath was not found: C:\Users\Mathi\OneDrive\Desktop\ZAH APP\services\api\src\API\wwwroot. Static files may be unavailable.
2026-09-04 17:02:07.164 +05:30 [INF] Now listening on: http://localhost:5000
2026-09-04 17:02:07.169 +05:30 [INF] Application started. Press Ctrl+C to shut down.
2026-09-04 17:02:07.172 +05:30 [INF] Hosting environment: Production
2026-09-04 17:02:07.175 +05:30 [INF] Content root path: C:\Users\Mathi\OneDrive\Desktop\ZAH APP\services\api\src\API
2026-09-04 17:04:23.268 +05:30 [INF] Application is shutting down...
2026-09-04 17:04:41.233 +05:30 [INF] Starting ZAH Seller AI API
2026-09-04 17:04:41.466 +05:30 [WRN] The WebRootPath was not found: C:\Users\Mathi\OneDrive\Desktop\ZAH APP\services\api\src\API\wwwroot. Static files may be unavailable.
2026-09-04 17:04:41.526 +05:30 [INF] Now listening on: http://localhost:5000
2026-09-04 17:04:41.531 +05:30 [INF] Application started. Press Ctrl+C to shut down.
2026-09-04 17:04:41.534 +05:30 [INF] Hosting environment: Production
2026-09-04 17:04:41.537 +05:30 [INF] Content root path: C:\Users\Mathi\OneDrive\Desktop\ZAH APP\services\api\src\API
2026-09-04 17:07:00.766 +05:30 [WRN] Failed to determine the https port for redirect.
2026-09-04 17:07:00.788 +05:30 [INF] HTTP OPTIONS /api/v1/auth/login responded 204 in 24.5376 ms
2026-09-04 17:07:00.874 +05:30 [INF] HTTP OPTIONS /api/v1/products responded 204 in 2.8242 ms
